
> playwright@1.0.0 test
> cucumber-js

node.exe : tests/pages/VehicleDataPage.ts(46,3): error TS1434: Unexpected keyword or identifier.
At C:\Program Files\nodejs\npm.ps1:29 char:3
+   & $NODE_EXE $NPM_CLI_JS $args
+   ~~~~~~~~~~~~~~~~~~~~~~~~~~~~~
    + CategoryInfo          : NotSpecified: (tests/pages/Veh... or identifier.:String) [], Remote 
   Exception
    + FullyQualifiedErrorId : NativeCommandError
 
tests/pages/VehicleDataPage.ts(46,21): error TS1005: ';' expected.
tests/pages/VehicleDataPage.ts(51,1): error TS1005: '}' expected.

